 2026-05-27 15:37:08,666 - INFO - Starting api...
 2026-05-27 15:37:37,811 - INFO - Starting api...
 2026-05-27 15:38:42,090 - INFO - Starting API...
 2026-05-27 15:42:34,388 - INFO - Starting API...
 2026-05-27 15:42:48,180 - INFO - Starting API...
 2026-05-27 15:43:07,402 - INFO - Starting API...
 2026-05-27 15:43:08,221 - INFO - Request to chatbot 
 2026-05-27 15:43:12,724 - INFO - Request to chatbot 
 2026-05-27 15:43:13,354 - INFO - Request to chatbot 
 2026-05-27 15:43:13,576 - INFO - Request to chatbot 
 2026-05-27 15:43:13,990 - INFO - Request to chatbot 
 2026-05-27 15:43:42,288 - INFO - Request to chatbot 
 2026-05-27 15:45:41,114 - INFO - Request to chatbot 
 2026-05-27 15:45:41,734 - INFO - Request to chatbot 
 2026-05-27 15:45:41,888 - INFO - Request to chatbot 
 2026-05-27 15:45:42,036 - INFO - Request to chatbot 
 2026-05-27 15:45:42,182 - INFO - Request to chatbot 
 2026-05-27 15:45:42,337 - INFO - Request to chatbot 
 2026-05-27 15:45:42,486 - INFO - Request to chatbot 
 2026-05-27 15:45:42,630 - INFO - Request to chatbot 
 2026-05-27 15:45:42,799 - INFO - Request to chatbot 
 2026-05-27 15:45:43,809 - INFO - Request to chatbot 
 2026-05-27 15:46:46,762 - INFO - Starting API...
 2026-05-27 15:46:49,022 - INFO - Request to chatbot 
 2026-05-27 15:46:49,957 - INFO - Request to chatbot 
 2026-05-27 15:46:50,364 - INFO - Request to chatbot 
 2026-05-27 15:46:50,477 - INFO - Request to chatbot 
 2026-05-27 15:46:50,618 - INFO - Request to chatbot 
 2026-05-27 15:46:50,776 - INFO - Request to chatbot 
 2026-05-27 15:46:50,941 - INFO - Request to chatbot 
 2026-05-27 15:46:51,046 - INFO - Request to chatbot 
 2026-05-27 15:47:54,775 - INFO - Starting API...
 2026-05-27 15:48:00,878 - INFO - Request to chatbot 
 2026-05-27 16:04:05,969 - INFO - Starting API...
 2026-05-27 19:14:30,057 - INFO - Request to chatbot 
 2026-05-27 20:00:26,463 - INFO - Starting API...
 2026-05-27 21:04:06,849 - INFO - Starting API...
 2026-05-27 21:04:08,750 - INFO - Starting API...
 2026-05-27 21:04:16,623 - INFO - Request to chatbot 
 2026-05-27 21:04:17,368 - INFO - Request to chatbot 
 2026-05-27 21:23:30,410 - INFO - Starting API...
 2026-05-27 21:24:00,080 - INFO - Starting API...
 2026-05-27 21:25:48,434 - INFO - Starting API...
 2026-05-27 21:25:53,250 - INFO - Starting API...
 2026-05-27 21:25:54,441 - INFO - Starting API...
 2026-05-27 21:26:21,872 - INFO - Starting API...
 2026-05-27 21:26:28,391 - INFO - Starting API...
 2026-05-27 21:26:37,388 - INFO - Starting API...
 2026-05-27 21:26:38,916 - INFO - Starting API...
 2026-05-27 21:30:21,091 - INFO - Starting API...
 2026-05-27 21:30:57,951 - INFO - Starting API...
 2026-05-27 21:31:07,149 - INFO - Starting API...
 2026-05-27 21:32:49,426 - INFO - Request to chatbot
 2026-05-27 21:32:49,427 - INFO - User message: string
 2026-05-28 17:50:20,968 - INFO - Starting API...
 2026-05-28 17:57:20,821 - INFO - Starting API...
 2026-05-28 18:07:39,782 - INFO - Starting API...
 2026-05-29 00:21:28,819 - INFO - Starting API...
 2026-05-29 00:21:29,612 - INFO - Starting API...
 2026-05-29 00:34:05,024 - INFO - Starting API...
 2026-05-29 00:36:11,766 - INFO - Starting API...
 2026-05-29 00:36:26,194 - INFO - Starting API...
 2026-05-29 00:36:28,338 - INFO - Starting API...
 2026-05-29 00:36:29,231 - INFO - Starting API...
 2026-05-29 00:41:58,505 - INFO - Starting API...
 2026-05-29 00:44:38,853 - INFO - Starting API...
 2026-05-29 00:44:40,669 - INFO - Starting API...
 2026-05-29 00:44:57,333 - INFO - Starting API...
 2026-05-29 00:46:53,350 - INFO - Starting API...
 2026-05-29 00:47:33,775 - INFO - Starting API...
 2026-05-29 00:51:07,762 - INFO - Starting API...
 2026-05-29 01:00:26,335 - INFO - Starting API...
 2026-05-29 01:09:46,454 - INFO - Starting API...
 2026-05-29 01:10:31,970 - INFO - Request to chatbot
 2026-05-29 01:10:31,970 - INFO - User message: hello
 2026-05-29 01:11:23,867 - INFO - Starting API...
 2026-05-29 01:11:38,763 - INFO - Request to chatbot
 2026-05-29 01:11:38,763 - INFO - User message: hello
 2026-05-29 01:12:01,688 - INFO - Starting API...
 2026-05-29 01:12:05,383 - INFO - Request to chatbot
 2026-05-29 01:12:05,384 - INFO - User message: hello
 2026-05-29 01:13:45,189 - INFO - Starting API...
 2026-05-29 01:13:48,340 - INFO - Request to chatbot
 2026-05-29 01:13:48,340 - INFO - User message: hello
 2026-05-29 01:14:17,450 - INFO - Starting API...
 2026-05-29 01:14:19,944 - INFO - Starting API...
 2026-05-29 01:14:23,385 - INFO - Request to chatbot
 2026-05-29 01:14:23,386 - INFO - User message: hello
 2026-05-29 01:14:35,146 - INFO - Starting API...
 2026-05-29 01:14:36,047 - INFO - Request to chatbot
 2026-05-29 01:14:36,047 - INFO - User message: hello
 2026-05-29 01:14:40,197 - INFO - Request to chatbot
 2026-05-29 01:14:40,198 - INFO - User message: hello
 2026-05-29 01:14:42,214 - INFO - Request to chatbot
 2026-05-29 01:14:42,214 - INFO - User message: hello
 2026-05-29 01:15:05,938 - INFO - Starting API...
 2026-05-29 01:15:14,923 - INFO - Request to chatbot
 2026-05-29 01:15:14,924 - INFO - User message: string
 2026-05-29 01:15:32,678 - INFO - Request to chatbot
 2026-05-29 01:15:32,678 - INFO - User message: order
 2026-05-29 01:15:44,501 - INFO - Request to chatbot
 2026-05-29 01:15:44,501 - INFO - User message: refund
 2026-05-29 01:30:42,195 - INFO - Starting API...
 2026-05-29 01:31:37,726 - INFO - Starting API...
 2026-05-29 14:04:44,355 - INFO - Starting API...
 2026-05-29 14:04:45,734 - INFO - Starting API...
 2026-05-29 14:05:08,365 - INFO - Request to chatbot
 2026-05-29 14:05:08,365 - INFO - User message: HI
 2026-06-11 16:31:44,564 - INFO - Starting API...
 2026-06-11 16:34:10,587 - INFO - Starting API...
 2026-06-11 16:34:16,167 - INFO - Starting API...
 2026-06-11 16:38:54,965 - INFO - Starting API...
 2026-06-11 16:40:42,104 - INFO - Starting API...
 2026-06-11 16:41:23,372 - INFO - Starting API...
 2026-06-11 16:55:35,619 - INFO - Starting API...
 2026-06-11 17:07:26,841 - INFO - Starting API...
 2026-06-11 17:08:04,790 - INFO - Starting API...
 2026-06-11 17:11:45,316 - INFO - Starting API...
 2026-06-11 17:11:48,090 - INFO - Starting API...
 2026-06-11 17:11:55,290 - INFO - Starting API...
 2026-06-11 17:14:30,438 - INFO - Request to chatbot
 2026-06-11 17:14:30,442 - INFO - User message: hi
 2026-06-11 17:15:00,501 - INFO - Request to chatbot
 2026-06-11 17:15:00,520 - INFO - User message: hello
 2026-06-11 17:15:30,172 - INFO - Starting API...
 2026-06-11 17:15:30,338 - INFO - Starting API...
 2026-06-11 17:15:30,345 - INFO - Request to chatbot
 2026-06-11 17:15:30,347 - INFO - User message: hello
 2026-06-11 17:15:54,007 - INFO - Request to chatbot
 2026-06-11 17:15:54,009 - INFO - User message: return
 2026-06-11 17:16:11,383 - INFO - Request to chatbot
 2026-06-11 17:16:11,386 - INFO - User message: refund
 2026-06-11 17:16:29,802 - INFO - Starting API...
 2026-06-11 17:16:29,810 - INFO - Request to chatbot
 2026-06-11 17:16:29,812 - INFO - User message: refund
 2026-06-11 17:16:29,942 - INFO - Starting API...
 2026-06-11 17:16:48,408 - INFO - Request to chatbot
 2026-06-11 17:16:48,414 - INFO - User message: refund
 2026-06-11 17:36:08,197 - INFO - Starting API...
 2026-06-11 17:36:15,439 - INFO - Starting API...
 2026-06-11 17:37:46,464 - INFO - Starting API...
 2026-06-11 17:37:47,510 - INFO - Starting API...
 2026-06-11 17:37:57,239 - INFO - Starting API...
 2026-06-11 17:37:57,250 - INFO - Request to chatbot
 2026-06-11 17:37:57,250 - INFO - User message: refund
 2026-06-11 17:37:57,390 - INFO - Starting API...
 2026-06-11 17:38:14,145 - INFO - Request to chatbot
 2026-06-11 17:38:14,146 - INFO - User message: hi
 2026-06-11 17:38:38,381 - INFO - Starting API...
 2026-06-11 17:39:04,643 - INFO - Starting API...
 2026-06-11 17:39:25,828 - INFO - Starting API...
 2026-06-11 18:26:27,823 - INFO - Starting API...
 2026-06-11 18:26:41,969 - INFO - Starting API...
 2026-06-11 18:29:01,201 - INFO - Request to chatbot
 2026-06-11 18:29:01,202 - INFO - User message: hi
 2026-06-11 18:29:27,986 - INFO - Starting API...
 2026-06-11 18:35:44,063 - INFO - Starting API...
 2026-06-11 18:36:04,700 - INFO - Starting API...
 2026-06-11 18:37:14,725 - INFO - Starting API...
 2026-06-11 18:37:24,738 - INFO - Starting API...
 2026-06-11 18:42:33,655 - INFO - Starting API...
 2026-06-11 18:42:51,292 - INFO - Starting API...
 2026-06-11 18:44:29,150 - INFO - Starting API...
 2026-06-11 18:44:46,624 - INFO - Starting API...
 2026-06-11 18:46:48,236 - INFO - Starting API...
 2026-06-11 18:46:55,542 - INFO - Starting API...
 2026-06-11 18:47:22,135 - INFO - Request to chatbot
 2026-06-11 18:47:22,135 - INFO - User message: hi
 2026-06-11 18:47:35,664 - INFO - Request to chatbot
 2026-06-11 18:47:35,664 - INFO - User message: heyy
 2026-06-11 18:47:49,434 - INFO - Request to chatbot
 2026-06-11 18:47:49,434 - INFO - User message: hello
 2026-06-11 18:47:57,047 - INFO - Request to chatbot
 2026-06-11 18:47:57,047 - INFO - User message: hello
 2026-06-11 18:51:14,270 - INFO - Request to chatbot
 2026-06-11 18:51:14,271 - INFO - User message: bye
 2026-06-11 18:53:02,909 - INFO - Starting API...
 2026-06-11 18:53:07,997 - INFO - Request to chatbot
 2026-06-11 18:53:07,998 - INFO - User message: hi
 2026-06-11 18:54:00,371 - INFO - Starting API...
 2026-06-11 18:54:00,384 - INFO - Request to chatbot
 2026-06-11 18:54:00,384 - INFO - User message: hi
 2026-06-12 01:48:57,558 - INFO - Starting API...
 2026-06-12 01:49:02,650 - INFO - Starting API...
 2026-06-12 01:59:54,506 - INFO - Request to chatbot
 2026-06-12 01:59:54,506 - INFO - User message: hi
 2026-06-12 01:59:55,566 - INFO - Request to chatbot
 2026-06-12 01:59:55,566 - INFO - User message: hi
 2026-06-12 01:59:55,752 - INFO - Request to chatbot
 2026-06-12 01:59:55,753 - INFO - User message: hi
 2026-06-12 01:59:55,963 - INFO - Request to chatbot
 2026-06-12 01:59:55,964 - INFO - User message: hi
 2026-06-12 02:00:01,363 - INFO - Request to chatbot
 2026-06-12 02:00:01,363 - INFO - User message: hijjjjj
 2026-06-12 02:00:56,983 - INFO - Request to chatbot
 2026-06-12 02:00:56,983 - INFO - User message: hi
 2026-06-12 02:01:25,257 - INFO - Request to chatbot
 2026-06-12 02:01:25,257 - INFO - User message: hello
 2026-06-12 02:01:31,439 - INFO - Request to chatbot
 2026-06-12 02:01:31,439 - INFO - User message: hello
 2026-06-12 02:01:31,795 - INFO - Request to chatbot
 2026-06-12 02:01:31,795 - INFO - User message: hello
 2026-06-12 02:02:35,664 - INFO - Request to chatbot
 2026-06-12 02:02:35,664 - INFO - User message: heyy
 2026-06-12 02:02:46,379 - INFO - Request to chatbot
 2026-06-12 02:02:46,379 - INFO - User message: hwyy
 2026-06-12 02:03:30,299 - INFO - Request to chatbot
 2026-06-12 02:03:30,300 - INFO - User message: hello
 2026-06-12 02:05:21,098 - INFO - Request to chatbot
 2026-06-12 02:05:21,098 - INFO - User message: hi
 2026-06-12 02:05:25,221 - INFO - Request to chatbot
 2026-06-12 02:05:25,222 - INFO - User message: heyy
 2026-06-12 02:05:37,162 - INFO - Request to chatbot
 2026-06-12 02:05:37,163 - INFO - User message: order
 2026-06-12 02:10:55,523 - INFO - Request to chatbot
 2026-06-12 02:10:55,524 - INFO - User message: hi
 2026-06-12 02:13:57,180 - INFO - Request to chatbot
 2026-06-12 02:13:57,180 - INFO - User message: hi
 2026-06-12 02:16:52,254 - INFO - Request to chatbot
 2026-06-12 02:16:52,255 - INFO - User message: hi
 2026-06-12 02:16:58,252 - INFO - Request to chatbot
 2026-06-12 02:16:58,252 - INFO - User message: hey
 2026-06-12 02:17:06,500 - INFO - Request to chatbot
 2026-06-12 02:17:06,500 - INFO - User message: hi
 2026-06-12 02:17:12,682 - INFO - Request to chatbot
 2026-06-12 02:17:12,682 - INFO - User message: hi
 2026-06-12 02:17:34,568 - INFO - Request to chatbot
 2026-06-12 02:17:34,569 - INFO - User message: hi
 2026-06-12 02:17:45,334 - INFO - Request to chatbot
 2026-06-12 02:17:45,334 - INFO - User message: hi
 2026-06-12 02:17:54,357 - INFO - Request to chatbot
 2026-06-12 02:17:54,358 - INFO - User message: hiii
 2026-06-12 02:20:47,357 - INFO - Request to chatbot
 2026-06-12 02:20:47,357 - INFO - User message: hi
 2026-06-12 02:22:28,103 - INFO - Request to chatbot
 2026-06-12 02:22:28,103 - INFO - User message: hiii
 2026-06-12 02:22:31,419 - INFO - Request to chatbot
 2026-06-12 02:22:31,420 - INFO - User message: oh
 2026-06-12 02:22:36,636 - INFO - Request to chatbot
 2026-06-12 02:22:36,636 - INFO - User message: ok
 2026-06-12 02:30:06,855 - INFO - Request to chatbot
 2026-06-12 02:30:06,856 - INFO - User message: hi
 2026-06-12 02:30:19,572 - INFO - Request to chatbot
 2026-06-12 02:30:19,572 - INFO - User message: hi
 2026-06-12 02:30:19,788 - INFO - Request to chatbot
 2026-06-12 02:30:19,788 - INFO - User message: hi
 2026-06-12 02:30:23,503 - INFO - Request to chatbot
 2026-06-12 02:30:23,504 - INFO - User message: hi
 2026-06-12 02:30:23,722 - INFO - Request to chatbot
 2026-06-12 02:30:23,722 - INFO - User message: hi
 2026-06-12 02:30:35,883 - INFO - Request to chatbot
 2026-06-12 02:30:35,884 - INFO - User message: hello
 2026-06-12 02:30:42,106 - INFO - Request to chatbot
 2026-06-12 02:30:42,106 - INFO - User message: hi
 2026-06-12 02:30:46,057 - INFO - Request to chatbot
 2026-06-12 02:30:46,059 - INFO - User message: hwllo
 2026-06-12 15:53:35,100 - INFO - Starting API...
 2026-06-12 15:53:40,708 - INFO - Starting API...
 2026-06-12 15:54:25,755 - INFO - Request to chatbot
 2026-06-12 15:54:25,755 - INFO - User message: hi
 2026-06-12 15:54:56,411 - INFO - Request to chatbot
 2026-06-12 15:54:56,411 - INFO - User message: hi
 2026-06-12 15:58:20,951 - INFO - Request to chatbot
 2026-06-12 15:58:20,952 - INFO - User message: hi
 2026-06-12 16:12:05,735 - INFO - Starting API...
 2026-06-12 16:12:14,239 - INFO - Starting API...
 2026-06-12 16:12:22,981 - INFO - Request to chatbot
 2026-06-12 16:12:22,982 - INFO - User message: hi
 2026-06-12 16:12:37,794 - INFO - Request to chatbot
 2026-06-12 16:12:37,794 - INFO - User message: hi
 2026-06-12 16:14:31,812 - INFO - Request to chatbot
 2026-06-12 16:14:31,812 - INFO - User message: hello
 2026-06-12 16:15:49,126 - INFO - Request to chatbot
 2026-06-12 16:15:49,127 - INFO - User message: .
 2026-06-12 16:22:15,798 - INFO - Request to chatbot
 2026-06-12 16:22:15,798 - INFO - User message: i want to return
 2026-06-12 16:22:30,208 - INFO - Request to chatbot
 2026-06-12 16:22:30,208 - INFO - User message: cls
 2026-06-18 17:56:05,939 - INFO - Starting API...
 2026-06-18 17:56:15,273 - INFO - Starting API...
 2026-06-18 17:56:17,507 - INFO - Request to chatbot
 2026-06-18 17:56:17,508 - INFO - User message: hi
 2026-06-18 17:56:24,101 - INFO - Request to chatbot
 2026-06-18 17:56:24,102 - INFO - User message: buisness hours
 2026-06-18 17:56:38,474 - INFO - Request to chatbot
 2026-06-18 17:56:38,474 - INFO - User message: business_hours
 2026-06-18 17:56:52,214 - INFO - Request to chatbot
 2026-06-18 17:56:52,214 - INFO - User message: what are your business hours
 2026-06-18 17:57:00,188 - INFO - Request to chatbot
 2026-06-18 17:57:00,189 - INFO - User message: hi
 2026-06-18 18:06:42,494 - INFO - Starting API...
 2026-06-18 18:06:57,015 - INFO - Starting API...
 2026-06-18 18:21:16,235 - INFO - Starting API...
 2026-06-18 18:21:24,031 - INFO - Starting API...
 2026-06-18 18:27:47,556 - INFO - Starting API...
 2026-06-18 18:36:46,381 - INFO - Starting API...
 2026-06-18 18:36:53,009 - INFO - Starting API...
 2026-06-18 18:38:32,544 - INFO - Starting API...
 2026-06-18 18:39:16,065 - INFO - Regester request: user@example.com
 2026-06-18 18:39:22,210 - INFO - Regester request: user@example.com
 2026-06-18 20:18:53,020 - INFO - Starting API...
 2026-06-18 20:41:41,316 - INFO - Starting API...
 2026-06-18 20:42:16,407 - INFO - Starting API...
 2026-06-18 20:47:52,488 - INFO - Starting API...
 2026-06-19 00:42:40,519 - INFO - Starting API...
 2026-06-19 00:42:50,460 - INFO - Starting API...
 2026-06-19 00:47:52,768 - INFO - Starting API...
 2026-06-19 00:49:47,884 - INFO - Regester request: user@example.com
 2026-06-19 00:53:55,764 - INFO - Starting API...
 2026-06-19 00:56:43,013 - INFO - Starting API...
 2026-06-19 00:58:28,447 - INFO - Starting API...
 2026-06-19 00:58:39,158 - INFO - Starting API...
 2026-06-19 01:01:23,444 - INFO - Regester request: user@example.com
 2026-06-19 15:50:14,091 - INFO - Starting API...
 2026-06-19 15:50:20,729 - INFO - Starting API...
 2026-06-19 15:51:24,945 - INFO - Regester request: user@example.com
 2026-07-03 00:30:19,997 - INFO - Starting API...
 2026-07-03 00:30:27,869 - INFO - Starting API...
 2026-07-03 00:41:13,286 - INFO - Starting API...
 2026-07-03 00:41:35,578 - INFO - Starting API...
 2026-07-03 00:42:34,077 - INFO - Starting API...
 2026-07-03 00:43:31,118 - INFO - Starting API...
 2026-07-03 00:44:21,674 - INFO - Starting API...
 2026-07-03 00:44:31,433 - INFO - Request to chatbot
 2026-07-03 00:44:31,433 - INFO - Context: []
 2026-07-03 00:44:54,309 - INFO - Starting API...
 2026-07-03 00:45:00,991 - INFO - Starting API...
 2026-07-03 00:46:13,113 - INFO - Request to chatbot
 2026-07-03 00:46:13,113 - INFO - Context: []
 2026-07-03 00:47:07,422 - INFO - Starting API...
 2026-07-03 00:47:07,435 - INFO - Request to chatbot
 2026-07-03 00:47:07,435 - INFO - Context: []
 2026-07-03 00:47:44,422 - INFO - Starting API...
 2026-07-03 00:47:51,938 - INFO - Starting API...
 2026-07-03 00:47:55,958 - INFO - Request to chatbot
 2026-07-03 00:47:55,958 - INFO - Context: []
 2026-07-03 00:49:37,603 - INFO - Starting API...
 2026-07-03 00:49:47,286 - INFO - Starting API...
 2026-07-03 00:49:47,298 - INFO - Request to chatbot
 2026-07-03 00:49:47,298 - INFO - Context: []
 2026-07-03 00:49:47,298 - INFO - User message: hi
 2026-07-03 00:49:47,298 - INFO - Context: []
 2026-07-03 00:50:47,331 - INFO - Request to chatbot
 2026-07-03 00:50:47,331 - INFO - Context: []
 2026-07-03 00:50:47,331 - INFO - User message: hi
 2026-07-03 00:50:47,331 - INFO - Context: []
 2026-07-03 00:51:38,529 - INFO - Request to chatbot
 2026-07-03 00:51:38,535 - INFO - Context: ['hi', 'hi']
 2026-07-03 00:51:38,535 - INFO - User message: hy
 2026-07-03 00:51:38,535 - INFO - Context: ['hi', 'hi']
 2026-07-03 00:51:44,583 - INFO - Request to chatbot
 2026-07-03 00:51:44,585 - INFO - Context: ['hi', 'hi', 'hy', 'I do not understand']
 2026-07-03 00:51:44,585 - INFO - User message: hi
 2026-07-03 00:51:44,585 - INFO - Context: ['hi', 'hi', 'hy', 'I do not understand']
 2026-07-03 00:51:52,633 - INFO - Request to chatbot
 2026-07-03 00:51:52,641 - INFO - Context: ['hi', 'hy', 'I do not understand', 'hi', 'hi']
 2026-07-03 00:51:52,641 - INFO - User message: hyye
 2026-07-03 00:51:52,641 - INFO - Context: ['hi', 'hy', 'I do not understand', 'hi', 'hi']
 2026-07-03 00:51:58,783 - INFO - Request to chatbot
 2026-07-03 00:51:58,783 - INFO - Context: ['I do not understand', 'hi', 'hi', 'hyye', 'I do not understand']
 2026-07-03 00:51:58,783 - INFO - User message: hehe
 2026-07-03 00:51:58,783 - INFO - Context: ['I do not understand', 'hi', 'hi', 'hyye', 'I do not understand']
 2026-07-03 00:52:12,700 - INFO - Request to chatbot
 2026-07-03 00:52:12,707 - INFO - Context: []
 2026-07-03 00:52:12,707 - INFO - User message: ohh
 2026-07-03 00:52:12,707 - INFO - Context: []
 2026-07-03 01:38:13,187 - INFO - Starting API...
 2026-07-03 01:38:18,638 - INFO - Starting API...
 2026-07-03 01:38:23,787 - INFO - Request to chatbot
 2026-07-03 01:38:23,787 - INFO - Context: []
 2026-07-03 01:38:23,787 - INFO - User message: hi
 2026-07-03 01:38:23,787 - INFO - Context: []
 2026-07-03 01:58:21,727 - INFO - Starting API...
 2026-07-03 02:02:24,446 - INFO - Starting API...
 2026-07-03 02:02:54,438 - INFO - Starting API...
 2026-07-03 02:04:28,913 - INFO - Starting API...
 2026-07-03 02:04:47,305 - INFO - Starting API...
 2026-07-03 13:18:16,611 - INFO - Starting API...
 2026-07-03 13:18:23,641 - INFO - Starting API...
 2026-07-03 13:26:02,699 - INFO - Starting API...
 2026-07-03 13:26:13,163 - INFO - Starting API...
 2026-07-03 13:26:24,378 - INFO - Starting API...
 2026-07-03 13:26:50,490 - INFO - Starting API...
 2026-07-03 13:27:19,952 - INFO - Starting API...
 2026-07-03 13:27:41,721 - INFO - Starting API...
 2026-07-03 13:32:05,303 - INFO - Starting API...
 2026-07-03 13:38:12,548 - INFO - Starting API...
 2026-07-03 13:46:49,919 - INFO - Starting API...
 2026-07-03 13:46:56,715 - INFO - Starting API...
 2026-07-03 13:58:45,106 - INFO - Starting API...
 2026-07-03 13:59:13,621 - INFO - Starting API...
 2026-07-03 13:59:25,519 - INFO - Starting API...
 2026-07-03 14:28:44,611 - INFO - Starting API...
 2026-07-03 14:30:40,344 - INFO - Starting API...
 2026-07-03 14:59:13,863 - INFO - Starting API...
 2026-07-03 14:59:23,617 - INFO - Starting API...
 2026-07-09 00:07:51,440 - INFO - Starting API...
 2026-07-09 00:07:56,768 - INFO - Starting API...
 2026-07-09 01:05:32,869 - INFO - Starting API...
 2026-07-09 01:05:39,633 - INFO - Starting API...
 2026-07-09 01:59:53,247 - INFO - Regester request: user@user.com
 2026-07-09 02:00:53,093 - INFO - Request to chatbot
 2026-07-09 02:00:53,093 - INFO - Context: []
 2026-07-09 02:00:53,093 - INFO - User message: hiii
 2026-07-09 02:00:53,093 - INFO - Context: []
 2026-07-09 02:01:37,623 - INFO - Request to chatbot
 2026-07-09 02:01:37,623 - INFO - Context: []
 2026-07-09 02:01:37,625 - INFO - User message: hey
 2026-07-09 02:01:37,625 - INFO - Context: []
 2026-07-10 02:14:16,302 - INFO - Starting API...
 2026-07-10 02:14:21,902 - INFO - Starting API...
 2026-07-17 01:23:58,450 - INFO - Starting API...
 2026-07-17 01:24:21,391 - INFO - Starting API...
 2026-07-17 01:24:30,835 - INFO - Starting API...
 2026-07-17 01:51:01,799 - INFO - Request to chatbot
 2026-07-17 01:51:01,799 - INFO - Context: []
 2026-07-17 01:51:01,799 - INFO - User message: hiiii
 2026-07-17 01:51:01,848 - INFO - Entities: {}
 2026-07-17 01:51:01,848 - INFO - Context: []
 2026-07-17 01:51:06,312 - INFO - Request to chatbot
 2026-07-17 01:51:06,312 - INFO - Context: ['hiiii', 'I do not understand']
 2026-07-17 01:51:06,312 - INFO - User message: hi
 2026-07-17 01:51:06,315 - INFO - Entities: {}
 2026-07-17 01:51:06,315 - INFO - Context: ['hiiii', 'I do not understand']
 2026-07-17 01:55:45,478 - INFO - Request to chatbot
 2026-07-17 01:55:45,478 - INFO - Context: []
 2026-07-17 01:55:45,478 - INFO - User message: hi
 2026-07-17 01:55:45,488 - INFO - Entities: {}
 2026-07-17 01:55:45,488 - INFO - Context: []
 2026-07-17 01:56:06,671 - INFO - Request to chatbot
 2026-07-17 01:56:06,671 - INFO - Context: ['hi', 'hi']
 2026-07-17 01:56:06,671 - INFO - User message: refund
 2026-07-17 01:56:06,671 - INFO - Entities: {}
 2026-07-17 01:56:06,671 - INFO - Context: ['hi', 'hi']
 2026-07-17 01:59:14,064 - INFO - Request to chatbot
 2026-07-17 01:59:14,065 - INFO - Context: []
 2026-07-17 01:59:14,065 - INFO - User message: hii
 2026-07-17 01:59:14,082 - INFO - Entities: {'ORG': 'hii'}
 2026-07-17 01:59:14,083 - INFO - Context: []
 2026-07-17 01:59:23,086 - INFO - Request to chatbot
 2026-07-17 01:59:23,086 - INFO - Context: ['hii', 'I do not understand']
 2026-07-17 01:59:23,086 - INFO - User message: hi
 2026-07-17 01:59:23,105 - INFO - Entities: {}
 2026-07-17 01:59:23,105 - INFO - Context: ['hii', 'I do not understand']
 2026-07-17 11:34:26,511 - INFO - Starting API...
 2026-07-17 11:36:24,910 - INFO - Request to chatbot
 2026-07-17 11:36:24,913 - INFO - Context: []
 2026-07-17 11:36:24,915 - INFO - User message: hi
 2026-07-17 11:36:24,919 - INFO - Entities: {}
 2026-07-17 11:36:24,919 - INFO - Context: []
 2026-07-17 11:36:32,271 - INFO - Request to chatbot
 2026-07-17 11:36:32,271 - INFO - Context: ['hi', 'hi']
 2026-07-17 11:36:32,271 - INFO - User message: hi
 2026-07-17 11:36:32,289 - INFO - Entities: {}
 2026-07-17 11:36:32,289 - INFO - Context: ['hi', 'hi']
 2026-07-17 11:36:58,047 - INFO - Request to chatbot
 2026-07-17 11:36:58,047 - INFO - Context: ['hi', 'hi', 'hi', 'hi']
 2026-07-17 11:36:58,053 - INFO - User message: hi
 2026-07-17 11:36:58,060 - INFO - Entities: {}
 2026-07-17 11:36:58,060 - INFO - Context: ['hi', 'hi', 'hi', 'hi']
 2026-07-17 11:37:01,646 - INFO - Request to chatbot
 2026-07-17 11:37:01,646 - INFO - Context: ['hi', 'hi', 'hi', 'hi', 'hi']
 2026-07-17 11:37:01,646 - INFO - User message: hehheeh
 2026-07-17 11:37:01,663 - INFO - Entities: {}
 2026-07-17 11:37:01,663 - INFO - Context: ['hi', 'hi', 'hi', 'hi', 'hi']
 2026-07-17 11:37:08,890 - INFO - Request to chatbot
 2026-07-17 11:37:08,890 - INFO - Context: []
 2026-07-17 11:37:08,890 - INFO - User message: hehhe
 2026-07-17 11:37:08,898 - INFO - Entities: {}
 2026-07-17 11:37:08,898 - INFO - Context: []
 2026-07-17 11:37:15,820 - INFO - Request to chatbot
 2026-07-17 11:37:15,820 - INFO - Context: ['hehhe', 'I do not understand']
 2026-07-17 11:37:15,820 - INFO - User message: e
 2026-07-17 11:37:15,820 - INFO - Entities: {}
 2026-07-17 11:37:15,834 - INFO - Context: ['hehhe', 'I do not understand']
 2026-07-17 11:39:35,423 - INFO - Request to chatbot
 2026-07-17 11:39:35,423 - INFO - Context: ['hehhe', 'I do not understand', 'e', 'I do not understand']
 2026-07-17 11:39:35,423 - INFO - User message: i
 2026-07-17 11:39:35,431 - INFO - Entities: {}
 2026-07-17 11:39:35,431 - INFO - Context: ['hehhe', 'I do not understand', 'e', 'I do not understand']
 2026-07-17 11:39:46,374 - INFO - Request to chatbot
 2026-07-17 11:39:46,374 - INFO - Context: []
 2026-07-17 11:39:46,374 - INFO - User message: h
 2026-07-17 11:39:46,381 - INFO - Entities: {}
 2026-07-17 11:39:46,381 - INFO - Context: []
 2026-07-17 20:14:49,673 - INFO - Request to chatbot
 2026-07-17 20:14:49,693 - INFO - Context: []
 2026-07-17 20:14:49,701 - INFO - User message: refund
 2026-07-17 20:14:49,949 - INFO - Entities: {}
 2026-07-17 20:14:49,949 - INFO - Context: []
 2026-07-17 20:14:51,930 - INFO - Request to chatbot
 2026-07-17 20:14:51,931 - INFO - Context: ['refund', 'Please provide order id']
 2026-07-17 20:14:51,931 - INFO - User message: 123
 2026-07-17 20:14:51,948 - INFO - Entities: {'CARDINAL': '123'}
 2026-07-17 20:14:51,948 - INFO - Context: ['refund', 'Please provide order id']
 2026-07-17 20:14:56,638 - INFO - Request to chatbot
 2026-07-17 20:14:56,638 - INFO - Context: ['refund', 'Please provide order id', '123', 'I do not understand']
 2026-07-17 20:14:56,646 - INFO - User message: eheh
 2026-07-17 20:14:56,662 - INFO - Entities: {}
 2026-07-17 20:14:56,662 - INFO - Context: ['refund', 'Please provide order id', '123', 'I do not understand']
 2026-07-17 20:15:05,973 - INFO - Request to chatbot
 2026-07-17 20:15:05,980 - INFO - Context: ['Please provide order id', '123', 'I do not understand', 'eheh', 'I do not understand']
 2026-07-17 20:15:05,980 - INFO - User message: jij
 2026-07-17 20:15:05,988 - INFO - Entities: {}
 2026-07-17 20:15:05,988 - INFO - Context: ['Please provide order id', '123', 'I do not understand', 'eheh', 'I do not understand']
 2026-07-17 20:15:08,730 - INFO - Request to chatbot
 2026-07-17 20:15:08,730 - INFO - Context: ['I do not understand', 'eheh', 'I do not understand', 'jij', 'I do not understand']
 2026-07-17 20:15:08,730 - INFO - User message: ok
 2026-07-17 20:15:08,746 - INFO - Entities: {}
 2026-07-17 20:15:08,746 - INFO - Context: ['I do not understand', 'eheh', 'I do not understand', 'jij', 'I do not understand']
 2026-07-17 20:16:43,220 - INFO - Starting API...
 2026-07-17 20:19:17,802 - INFO - Starting API...
 2026-07-17 20:19:34,645 - INFO - Starting API...
 2026-07-23 12:53:32,462 - INFO - Starting API...
 2026-07-23 12:53:50,947 - INFO - Starting API...
 2026-07-23 13:15:26,828 - INFO - Request to chatbot
 2026-07-23 13:15:26,831 - INFO - Context: []
 2026-07-23 13:15:26,831 - INFO - User message: hey
 2026-07-23 13:15:26,905 - INFO - Entities: {}
 2026-07-23 13:15:26,905 - INFO - Context: []
 2026-07-23 13:15:28,172 - INFO - Request to chatbot
 2026-07-23 13:15:28,172 - INFO - Context: ['hey', 'hi']
 2026-07-23 13:15:28,172 - INFO - User message: hey
 2026-07-23 13:15:28,190 - INFO - Entities: {}
 2026-07-23 13:15:28,191 - INFO - Context: ['hey', 'hi']
 2026-07-23 13:15:29,296 - INFO - Request to chatbot
 2026-07-23 13:15:29,297 - INFO - Context: ['hey', 'hi', 'hey', 'hi']
 2026-07-23 13:15:29,297 - INFO - User message: hey
 2026-07-23 13:15:29,317 - INFO - Entities: {}
 2026-07-23 13:15:29,318 - INFO - Context: ['hey', 'hi', 'hey', 'hi']
 2026-07-23 13:15:31,377 - INFO - Request to chatbot
 2026-07-23 13:15:31,378 - INFO - Context: ['hi', 'hey', 'hi', 'hey', 'hi']
 2026-07-23 13:15:31,378 - INFO - User message: refund
 2026-07-23 13:15:31,398 - INFO - Entities: {}
 2026-07-23 13:15:31,398 - INFO - Context: ['hi', 'hey', 'hi', 'hey', 'hi']
 2026-07-23 13:15:34,364 - INFO - Request to chatbot
 2026-07-23 13:15:34,364 - INFO - Context: ['hi', 'hey', 'hi', 'refund', 'Please provide order id']
 2026-07-23 13:15:34,364 - INFO - User message: oh
 2026-07-23 13:15:34,381 - INFO - Entities: {}
 2026-07-23 13:15:34,381 - INFO - Context: ['hi', 'hey', 'hi', 'refund', 'Please provide order id']
 2026-07-23 13:15:36,290 - INFO - Request to chatbot
 2026-07-23 13:15:36,291 - INFO - Context: ['hi', 'refund', 'Please provide order id', 'oh', 'I do not understand']
 2026-07-23 13:15:36,291 - INFO - User message: um
 2026-07-23 13:15:36,306 - INFO - Entities: {}
 2026-07-23 13:15:36,307 - INFO - Context: ['hi', 'refund', 'Please provide order id', 'oh', 'I do not understand']
 2026-07-23 13:15:37,551 - INFO - Request to chatbot
 2026-07-23 13:15:37,551 - INFO - Context: ['Please provide order id', 'oh', 'I do not understand', 'um', 'I do not understand']
 2026-07-23 13:15:37,553 - INFO - User message: okay
 2026-07-23 13:15:37,568 - INFO - Entities: {}
 2026-07-23 13:15:37,568 - INFO - Context: ['Please provide order id', 'oh', 'I do not understand', 'um', 'I do not understand']
 2026-07-23 13:19:27,990 - INFO - Starting API...
